[[1;34mINFO[m] Scanning for projects...
[[1;34mINFO[m] 
[[1;34mINFO[m] [1m--------------< [0;36morg.spacious-team:table-wrapper-csv-impl[0;1m >--------------[m
[[1;34mINFO[m] [1mBuilding Table Wrapper API CSV Implementation 2022.4[m
[[1;34mINFO[m] [1m--------------------------------[ jar ]---------------------------------[m
[[1;34mINFO[m] 
[[1;34mINFO[m] [1m--- [0;32mjacoco-maven-plugin:0.8.8:prepare-agent[m [1m(prepare-agent)[m @ [36mtable-wrapper-csv-impl[0;1m ---[m
[[1;34mINFO[m] argLine set to -javaagent:/home/ubuntu/.m2/repository/org/jacoco/org.jacoco.agent/0.8.8/org.jacoco.agent-0.8.8-runtime.jar=destfile=/home/ubuntu/table_3/wpi_cfnullness/dataset/table-wrapper-csv-impl_post/target/jacoco.exec
[[1;34mINFO[m] 
[[1;34mINFO[m] [1m--- [0;32mmaven-resources-plugin:2.6:resources[m [1m(default-resources)[m @ [36mtable-wrapper-csv-impl[0;1m ---[m
[[1;34mINFO[m] Using 'UTF-8' encoding to copy filtered resources.
[[1;34mINFO[m] skip non existing resourceDirectory /home/ubuntu/table_3/wpi_cfnullness/dataset/table-wrapper-csv-impl_post/src/main/resources
[[1;34mINFO[m] 
[[1;34mINFO[m] [1m--- [0;32mmaven-compiler-plugin:3.11.0:compile[m [1m(default-compile)[m @ [36mtable-wrapper-csv-impl[0;1m ---[m
[[1;34mINFO[m] Changes detected - recompiling the module! :source
[[1;34mINFO[m] Compiling 9 source files with javac [forked debug target 11] to target/classes
[[1;33mWARNING[m] The following options were not recognized by any processor: '[detailedmsgtex]'
[[1;33mWARNING[m] /home/ubuntu/table_3/wpi_cfnullness/dataset/table-wrapper-csv-impl_post/src/main/java/org/spacious_team/table_wrapper/csv/DateTimeFormatParser.java:[88,57] [nullness:assignment] incompatible types in assignment.
  found   : @Initialized @Nullable DateTimeFormatter
  required: @UnknownInitialization @NonNull DateTimeFormatter
[[1;33mWARNING[m] /home/ubuntu/table_3/wpi_cfnullness/dataset/table-wrapper-csv-impl_post/src/main/java/org/spacious_team/table_wrapper/csv/DateTimeFormatParser.java:[106,57] [nullness:assignment] incompatible types in assignment.
  found   : @Initialized @Nullable DateTimeFormatter
  required: @UnknownInitialization @NonNull DateTimeFormatter
[[1;33mWARNING[m] /home/ubuntu/table_3/wpi_cfnullness/dataset/table-wrapper-csv-impl_post/src/main/java/org/spacious_team/table_wrapper/csv/CsvTableRow.java:[81,34] [nullness:return] incompatible types in return.
  type of expression: @Initialized @Nullable CsvTableCell
  method return type: @Initialized @NonNull TableCell
[[1;33mWARNING[m] /home/ubuntu/table_3/wpi_cfnullness/dataset/table-wrapper-csv-impl_post/src/main/java/org/spacious_team/table_wrapper/csv/CsvCellDataAccessObject.java:[52,40] [nullness:assignment] incompatible types in assignment.
  found   : @Initialized @Nullable CsvTableCell
  required: @UnknownInitialization @NonNull CsvTableCell
[[1;33mWARNING[m] /home/ubuntu/table_3/wpi_cfnullness/dataset/table-wrapper-csv-impl_post/src/main/java/org/spacious_team/table_wrapper/csv/CsvCellDataAccessObject.java:[57,19] [nullness:contracts.precondition.override] Subclass precondition is stronger for 'this.dateTimeFormatter' in getValue.
    In superclass org.spacious_team.table_wrapper.api.CellDataAccessObject: no information
    In subclass org.spacious_team.table_wrapper.csv.CsvCellDataAccessObject: @Nullable
[[1;33mWARNING[m] /home/ubuntu/table_3/wpi_cfnullness/dataset/table-wrapper-csv-impl_post/src/main/java/org/spacious_team/table_wrapper/csv/CsvCellDataAccessObject.java:[63,32] [nullness:assignment] incompatible types in assignment.
  found   : @Initialized @Nullable String
  required: @UnknownInitialization @NonNull String
[[1;34mINFO[m] [1m------------------------------------------------------------------------[m
[[1;34mINFO[m] [1;32mBUILD SUCCESS[m
[[1;34mINFO[m] [1m------------------------------------------------------------------------[m
[[1;34mINFO[m] Total time:  8.628 s
[[1;34mINFO[m] Finished at: 2025-04-11T16:00:11Z
[[1;34mINFO[m] [1m------------------------------------------------------------------------[m

27 errors
